C:/Users/abess/OneDrive/Documents/Software/AD9910/AD9910/Core/Src/main.c:91:5:_write	1
C:/Users/abess/OneDrive/Documents/Software/AD9910/AD9910/Core/Src/main.c:100:6:DDS_Test	3
C:/Users/abess/OneDrive/Documents/Software/AD9910/AD9910/Core/Src/main.c:120:6:DDS_Reg_Update	3
C:/Users/abess/OneDrive/Documents/Software/AD9910/AD9910/Core/Src/main.c:160:6:HAL_UART_RxCpltCallback	5
C:/Users/abess/OneDrive/Documents/Software/AD9910/AD9910/Core/Src/main.c:177:6:UART_SendString	1
C:/Users/abess/OneDrive/Documents/Software/AD9910/AD9910/Core/Src/main.c:181:6:processCommand	8
C:/Users/abess/OneDrive/Documents/Software/AD9910/AD9910/Core/Src/main.c:213:5:main	2
C:/Users/abess/OneDrive/Documents/Software/AD9910/AD9910/Core/Src/main.c:267:6:SystemClock_Config	4
C:/Users/abess/OneDrive/Documents/Software/AD9910/AD9910/Core/Src/main.c:327:13:MX_ETH_Init	2
C:/Users/abess/OneDrive/Documents/Software/AD9910/AD9910/Core/Src/main.c:376:13:MX_SPI1_Init	2
C:/Users/abess/OneDrive/Documents/Software/AD9910/AD9910/Core/Src/main.c:424:13:MX_USART3_UART_Init	5
C:/Users/abess/OneDrive/Documents/Software/AD9910/AD9910/Core/Src/main.c:472:13:MX_USB_OTG_HS_USB_Init	1
C:/Users/abess/OneDrive/Documents/Software/AD9910/AD9910/Core/Src/main.c:493:13:MX_GPIO_Init	1
C:/Users/abess/OneDrive/Documents/Software/AD9910/AD9910/Core/Src/main.c:587:6:Error_Handler	1
