C:/Users/abess/OneDrive/Documents/Software/AD9910/AD9910/Core/Src/main.c:92:5:_write	24	static
C:/Users/abess/OneDrive/Documents/Software/AD9910/AD9910/Core/Src/main.c:101:10:convert_hz_to_hex	48	static
C:/Users/abess/OneDrive/Documents/Software/AD9910/AD9910/Core/Src/main.c:112:5:extract_int_from_string	16	static
C:/Users/abess/OneDrive/Documents/Software/AD9910/AD9910/Core/Src/main.c:116:6:DDS_Test	16	static
C:/Users/abess/OneDrive/Documents/Software/AD9910/AD9910/Core/Src/main.c:138:6:DDS_Reg_Update	32	static
C:/Users/abess/OneDrive/Documents/Software/AD9910/AD9910/Core/Src/main.c:181:6:HAL_UART_RxCpltCallback	16	static
C:/Users/abess/OneDrive/Documents/Software/AD9910/AD9910/Core/Src/main.c:198:6:UART_SendString	16	static
C:/Users/abess/OneDrive/Documents/Software/AD9910/AD9910/Core/Src/main.c:202:6:processCommand	8	static
C:/Users/abess/OneDrive/Documents/Software/AD9910/AD9910/Core/Src/main.c:234:5:main	8	static
C:/Users/abess/OneDrive/Documents/Software/AD9910/AD9910/Core/Src/main.c:288:6:SystemClock_Config	120	static
C:/Users/abess/OneDrive/Documents/Software/AD9910/AD9910/Core/Src/main.c:348:13:MX_ETH_Init	8	static
C:/Users/abess/OneDrive/Documents/Software/AD9910/AD9910/Core/Src/main.c:397:13:MX_SPI1_Init	8	static
C:/Users/abess/OneDrive/Documents/Software/AD9910/AD9910/Core/Src/main.c:445:13:MX_USART3_UART_Init	8	static
C:/Users/abess/OneDrive/Documents/Software/AD9910/AD9910/Core/Src/main.c:493:13:MX_USB_OTG_HS_USB_Init	4	static
C:/Users/abess/OneDrive/Documents/Software/AD9910/AD9910/Core/Src/main.c:514:13:MX_GPIO_Init	64	static
C:/Users/abess/OneDrive/Documents/Software/AD9910/AD9910/Core/Src/main.c:608:6:Error_Handler	4	static,ignoring_inline_asm
