C:/Users/abess/OneDrive/Documents/Software/AD9910/AD9910/Core/Src/main.c:92:5:_write	1
C:/Users/abess/OneDrive/Documents/Software/AD9910/AD9910/Core/Src/main.c:101:10:convert_hz_to_hex	1
C:/Users/abess/OneDrive/Documents/Software/AD9910/AD9910/Core/Src/main.c:112:5:extract_int_from_string	1
C:/Users/abess/OneDrive/Documents/Software/AD9910/AD9910/Core/Src/main.c:116:6:DDS_Test	3
C:/Users/abess/OneDrive/Documents/Software/AD9910/AD9910/Core/Src/main.c:138:6:DDS_Reg_Update	3
C:/Users/abess/OneDrive/Documents/Software/AD9910/AD9910/Core/Src/main.c:181:6:HAL_UART_RxCpltCallback	5
C:/Users/abess/OneDrive/Documents/Software/AD9910/AD9910/Core/Src/main.c:198:6:UART_SendString	1
C:/Users/abess/OneDrive/Documents/Software/AD9910/AD9910/Core/Src/main.c:202:6:processCommand	8
C:/Users/abess/OneDrive/Documents/Software/AD9910/AD9910/Core/Src/main.c:234:5:main	2
C:/Users/abess/OneDrive/Documents/Software/AD9910/AD9910/Core/Src/main.c:288:6:SystemClock_Config	4
C:/Users/abess/OneDrive/Documents/Software/AD9910/AD9910/Core/Src/main.c:348:13:MX_ETH_Init	2
C:/Users/abess/OneDrive/Documents/Software/AD9910/AD9910/Core/Src/main.c:397:13:MX_SPI1_Init	2
C:/Users/abess/OneDrive/Documents/Software/AD9910/AD9910/Core/Src/main.c:445:13:MX_USART3_UART_Init	5
C:/Users/abess/OneDrive/Documents/Software/AD9910/AD9910/Core/Src/main.c:493:13:MX_USB_OTG_HS_USB_Init	1
C:/Users/abess/OneDrive/Documents/Software/AD9910/AD9910/Core/Src/main.c:514:13:MX_GPIO_Init	1
C:/Users/abess/OneDrive/Documents/Software/AD9910/AD9910/Core/Src/main.c:608:6:Error_Handler	1
